---> Playwright Config: .env file loaded. Key is SET

Running 1 test using 1 worker

[1A[2K---> Playwright Config: .env file loaded. Key is SET

[1A[2K[1/1] [wallet-tests] ΓÇ║ e2e\wallets\wallet-add-split-transaction.spec.ts:349:9 ΓÇ║ Stock Split Transaction E2E Test ΓÇ║ should handle stock split transactions and adjust P/L calculations correctly
[1A[2K[wallet-tests] ΓÇ║ e2e\wallets\wallet-add-split-transaction.spec.ts:349:9 ΓÇ║ Stock Split Transaction E2E Test ΓÇ║ should handle stock split transactions and adjust P/L calculations correctly
≡ƒº╣ Clearing browser state...

[1A[2K[PageHelper] Cleared browser state: Navigated to root.

[1A[2K[PageHelper] Cleared browser state: localStorage and sessionStorage cleared.

[1A[2K[PageHelper] Cleared browser state: Cookies cleared.

[1A[2K[PageHelper] Cleared browser state: Re-navigated to root.

[1A[2K≡ƒöÉ Logging in user...

[1A[2K[PageHelper] Attempting login as marin.sarbulescu@gmail.com...

[1A[2K[PageHelper] Login successful for marin.sarbulescu@gmail.com.

[1A[2K≡ƒôê Creating test stock...

[1A[2K[dataHelpers.ts] - Initializing Amplify client with API Key...

[1A[2K[dataHelpers.ts] - Creating PortfolioStock: E2ESPLIT

[1A[2K[dataHelpers.ts] - PortfolioStock created: bb75f9ab-f29a-4247-a8fa-a381ad25d041 E2ESPLIT

[1A[2KΓ£à Test stock created with ID: bb75f9ab-f29a-4247-a8fa-a381ad25d041

[1A[2K≡ƒº¡ Navigating to stock wallet page...

[1A[2K[PageHelper] Navigating to wallet page: /wallets/bb75f9ab-f29a-4247-a8fa-a381ad25d041 for stock E2ESPLIT

[1A[2K[PageHelper] Successfully on wallet page for E2ESPLIT.

[1A[2K≡ƒÜÇ Starting stock split transaction test...

[1A[2K
≡ƒôì Step 1: Setting initial test price to $200...

[1A[2K[PageHelper] Updating test price for E2ESPLIT to $200

[1A[2K[PageHelper] Test price updated for E2ESPLIT to $200 and page refreshed

[1A[2K[PageHelper] Verifying test price for E2ESPLIT is $200

[1A[2K[PageHelper] Price color: rgb(159, 79, 150)

[1A[2K[PageHelper] Γ£à Test price verified: $200.00 (purple)

[1A[2KΓ£à Step 1 completed

[1A[2K
≡ƒôì Step 2: Adding initial buy transaction...

[1A[2K[PageHelper] Adding Split transaction: {
  date: [32m'2025-07-01'[39m,
  type: [32m'Split'[39m,
  signal: [32m'Initial'[39m,
  price: [33m200[39m,
  investment: [33m400[39m
}

[1A[2K[PageHelper] Add Transaction modal opened.

[1A[2K[PageHelper] Selecting transaction type: Split

[1A[2K[PageHelper] Form filled: Date=2025-07-01, Type=Split, Signal=Initial, Price=200, Investment=400

[1A[2K[PageHelper] Transaction created successfully.

[1A[2K[PageHelper] Refreshing wallets page for E2ESPLIT

[1A[2K[PageHelper] Navigating to wallet page: /wallets/bb75f9ab-f29a-4247-a8fa-a381ad25d041 for stock E2ESPLIT

[1A[2K[PageHelper] Successfully on wallet page for E2ESPLIT.

[1A[2K[PageHelper] Wallets page refreshed for E2ESPLIT

[1A[2KΓ£à Step 2 completed

[1A[2K
≡ƒôì Step 3: Verifying overview metrics after initial buy...

[1A[2K[OverviewHelper] Verifying overview for Initial Buy...

[1A[2K[OverviewHelper] Verifying Settings section...

[1A[2K[OverviewHelper] Γ£à Settings section verified

[1A[2K[OverviewHelper] Verifying Transactions & Shares section...

[1A[2K[OverviewHelper] Γ£à Transactions & Shares section verified

[1A[2K[OverviewHelper] Verifying Realized P/L section...

[1A[2K[OverviewHelper] Γ£à Realized P/L section verified

[1A[2K[OverviewHelper] Verifying Unrealized P/L section...

[1A[2K[OverviewHelper] Γ£à Unrealized P/L section verified

[1A[2K[OverviewHelper] Verifying Combined P/L section...

[1A[2K[OverviewHelper] Γ£à Combined P/L section verified

[1A[2K[OverviewHelper] Γ£à All overview sections verified successfully for Initial Buy

[1A[2K[TransactionHelper] Verifying transaction table for Initial Buy...

[1A[2K[TransactionHelper] Γ£à Transaction table is visible for Initial Buy

[1A[2KΓ£à Step 3 completed

[1A[2K
≡ƒôì Step 4: Adding 2:1 stock split transaction...

[1A[2K[SplitHelper] Adding stock split transaction with ratio 2...

[1A[2K[SplitHelper] Γ£à Stock split transaction added successfully

[1A[2K[PageHelper] Refreshing wallets page for E2ESPLIT

[1A[2K[PageHelper] Navigating to wallet page: /wallets/bb75f9ab-f29a-4247-a8fa-a381ad25d041 for stock E2ESPLIT

[1A[2K[PageHelper] Successfully on wallet page for E2ESPLIT.

[1A[2K[PageHelper] Wallets page refreshed for E2ESPLIT

[1A[2KΓ£à Step 4 completed

[1A[2K
≡ƒôì Step 5: Updating test price to $100 to simulate split effect...

[1A[2K[PageHelper] Updating test price for E2ESPLIT to $100

[1A[2K[PageHelper] Test price updated for E2ESPLIT to $100 and page refreshed

[1A[2K[PageHelper] Verifying test price for E2ESPLIT is $100

[1A[2K[PageHelper] Price color: rgb(159, 79, 150)

[1A[2K[PageHelper] Γ£à Test price verified: $100.00 (purple)

[1A[2KΓ£à Step 5 completed

[1A[2K
≡ƒôì Step 6: Verifying split-adjusted P/L calculations...

[1A[2K[OverviewHelper] Verifying overview for After Stock Split...

[1A[2K[OverviewHelper] Verifying Settings section...

[1A[2K[OverviewHelper] Γ£à Settings section verified

[1A[2K[OverviewHelper] Verifying Transactions & Shares section...

[1A[2K[OverviewHelper] Γ£à Transactions & Shares section verified

[1A[2K[OverviewHelper] Verifying Realized P/L section...

[1A[2K[OverviewHelper] Γ£à Realized P/L section verified

[1A[2K[OverviewHelper] Verifying Unrealized P/L section...

[1A[2K[OverviewHelper] Γ£à Unrealized P/L section verified

[1A[2K[OverviewHelper] Verifying Combined P/L section...

[1A[2K[OverviewHelper] Γ£à Combined P/L section verified

[1A[2K[OverviewHelper] Γ£à All overview sections verified successfully for After Stock Split

[1A[2K[TransactionHelper] Verifying transaction table for After Stock Split...

[1A[2K[TransactionHelper] Γ£à Transaction table is visible for After Stock Split

[1A[2KΓ£à Step 6 completed

[1A[2K
≡ƒôì Step 7: Adding post-split buy transaction...

[1A[2K[PageHelper] Adding Split transaction: {
  date: [32m'2025-07-03'[39m,
  type: [32m'Split'[39m,
  signal: [32m'LBD'[39m,
  price: [33m100[39m,
  investment: [33m300[39m
}

[1A[2K[PageHelper] Add Transaction modal opened.

[1A[2K[PageHelper] Selecting transaction type: Split

[1A[2K[PageHelper] Form filled: Date=2025-07-03, Type=Split, Signal=LBD, Price=100, Investment=300

[1A[2K[PageHelper] Transaction created successfully.

[1A[2K[PageHelper] Refreshing wallets page for E2ESPLIT

[1A[2K[PageHelper] Navigating to wallet page: /wallets/bb75f9ab-f29a-4247-a8fa-a381ad25d041 for stock E2ESPLIT

[1A[2K[PageHelper] Successfully on wallet page for E2ESPLIT.

[1A[2K[PageHelper] Wallets page refreshed for E2ESPLIT

[1A[2KΓ£à Step 7 completed

[1A[2K
≡ƒôì Step 8: Final verification with pre and post-split transactions...

[1A[2K[OverviewHelper] Verifying overview for Final State...

[1A[2K[OverviewHelper] Verifying Settings section...

[1A[2K[OverviewHelper] Γ£à Settings section verified

[1A[2K[OverviewHelper] Verifying Transactions & Shares section...

[1A[2K[OverviewHelper] Γ£à Transactions & Shares section verified

[1A[2K[OverviewHelper] Verifying Realized P/L section...

[1A[2K[OverviewHelper] Γ£à Realized P/L section verified

[1A[2K[OverviewHelper] Verifying Unrealized P/L section...

[1A[2K≡ƒº╣ Cleaning up test data...

[1A[2K[dataHelpers.ts] - Deleting all transactions for stock ID: bb75f9ab-f29a-4247-a8fa-a381ad25d041

[1A[2K[dataHelpers.ts] - Deleting transaction: 8fe5033d-4c06-4ae4-8387-d5840bf410a0

[1A[2K[dataHelpers.ts] - Deleting transaction: 44b271d2-75c0-4ba8-a27b-71761f2d26bb

[1A[2K[dataHelpers.ts] - Deleting transaction: 0fc4b8ff-7370-4e9d-b4da-35eb899b6d95

[1A[2K[dataHelpers.ts] - Finished deleting transactions for stock ID: bb75f9ab-f29a-4247-a8fa-a381ad25d041

[1A[2K[dataHelpers.ts] - Attempting to delete all StockWallets for stock ID: bb75f9ab-f29a-4247-a8fa-a381ad25d041

[1A[2K[dataHelpers.ts] - Found 4 StockWallets to delete for stock ID bb75f9ab-f29a-4247-a8fa-a381ad25d041.

[1A[2K[dataHelpers.ts] - Deleting StockWallet: 6706e338-4d27-4976-a9db-1c3ebacfdc05

[1A[2K[dataHelpers.ts] - Deleting StockWallet: 4b80d18a-a4a9-4cdd-908b-d71569850083

[1A[2K[dataHelpers.ts] - Deleting StockWallet: cc87d4fc-0f76-4f02-b2bb-938e40d0bb6b

[1A[2K[dataHelpers.ts] - Deleting StockWallet: e9e389f2-7773-467c-8e48-8942b52810a5

[1A[2K[dataHelpers.ts] - Finished attempting to delete StockWallets for stock ID: bb75f9ab-f29a-4247-a8fa-a381ad25d041

[1A[2K[dataHelpers.ts] - Deleting PortfolioStock: bb75f9ab-f29a-4247-a8fa-a381ad25d041

[1A[2K[dataHelpers.ts] - PortfolioStock deleted: bb75f9ab-f29a-4247-a8fa-a381ad25d041

[1A[2KΓ£à Test data cleaned up successfully

[1A[2K  1) [wallet-tests] ΓÇ║ e2e\wallets\wallet-add-split-transaction.spec.ts:349:9 ΓÇ║ Stock Split Transaction E2E Test ΓÇ║ should handle stock split transactions and adjust P/L calculations correctly 

    Error: [31mTimed out 5000ms waiting for [39m[2mexpect([22m[31mlocator[39m[2m).[22mtoHaveText[2m([22m[32mexpected[39m[2m)[22m

    Locator: locator('[data-testid="overview-unrealized-swing-pl-dollars"]')
    Expected string: [32m"[7m$[27m0.00"[39m
    Received string: [31m"[7m-$12[27m0.00"[39m
    Call log:
    [2m  - expect.toHaveText with timeout 5000ms[22m
    [2m  - waiting for locator('[data-testid="overview-unrealized-swing-pl-dollars"]')[22m
    [2m    9 ├ù locator resolved to <span data-testid="overview-unrealized-swing-pl-dollars">-$120.00</span>[22m
    [2m      - unexpected value "-$120.00"[22m


      257 |     // Verify Unrealized P/L section
      258 |     console.log(`[OverviewHelper] Verifying Unrealized P/L section...`);
    > 259 |     await expect(page.locator('[data-testid="overview-unrealized-swing-pl-dollars"]')).toHaveText(expectedOverview.unrealizedPL.swingDollars);
          |                                                                                        ^
      260 |     await expect(page.locator('[data-testid="overview-unrealized-swing-pl-percent"]')).toHaveText(expectedOverview.unrealizedPL.swingPercent);
      261 |     await expect(page.locator('[data-testid="overview-unrealized-hold-pl-dollars"]')).toHaveText(expectedOverview.unrealizedPL.holdDollars);
      262 |     await expect(page.locator('[data-testid="overview-unrealized-hold-pl-percent"]')).toHaveText(expectedOverview.unrealizedPL.holdPercent);
        at verifyOverview (C:\Development\stock-portfolio-tracker\e2e\wallets\wallet-add-split-transaction.spec.ts:259:88)
        at C:\Development\stock-portfolio-tracker\e2e\wallets\wallet-add-split-transaction.spec.ts:415:9

    Error Context: test-results\wallets-wallet-add-split-t-ecfe1--P-L-calculations-correctly-wallet-tests\error-context.md


[1A[2K  1 failed
    [wallet-tests] ΓÇ║ e2e\wallets\wallet-add-split-transaction.spec.ts:349:9 ΓÇ║ Stock Split Transaction E2E Test ΓÇ║ should handle stock split transactions and adjust P/L calculations correctly 

To open last HTML report run:
[36m[39m
[36m  npx playwright show-report[39m
[36m[39m
